// Vitest Snapshot v1

exports[`TheWelcome.vue > Component snapshot 1`] = `
<div>
  <h1>Dev Days Vitest!</h1>
  <p>can you select me??</p>
</div>
`;
